// Jest Snapshot v1, https://goo.gl/fbAQLP

exports[`Pruebas en <GifItem/> Debe hacer march con el snapshowt  1`] = `
<div>
  <div
    class="card"
  >
    <img
      alt="Dragonball"
      src="https://one-punch.com/"
    />
    <p>
       
      Dragonball
       
    </p>
  </div>
</div>
`;
